NAME                DESCRIPTION              DOCKER ENDPOINT           KUBERNETES ENDPOINT            ORCHESTRATOR
current *           description of current   https://someswarmserver   https://someserver (default)   all
other               description of other     https://someswarmserver   https://someserver (default)   all
